Archive member included to satisfy reference by file (symbol)

c:/program files (x86)/atmel/studio/7.0/toolchain/avr8/avr8-gnu-toolchain/bin/../lib/gcc/avr/4.9.2/avr5\libgcc.a(_exit.o)
                              C:/Program Files (x86)/Atmel/Studio/7.0/Packs/atmel/ATmega_DFP/1.1.130/gcc/dev/atmega32/avr5/crtatmega32.o (exit)
c:/program files (x86)/atmel/studio/7.0/toolchain/avr8/avr8-gnu-toolchain/bin/../lib/gcc/avr/4.9.2/avr5\libgcc.a(_copy_data.o)
                              heap_2.o (__do_copy_data)
c:/program files (x86)/atmel/studio/7.0/toolchain/avr8/avr8-gnu-toolchain/bin/../lib/gcc/avr/4.9.2/avr5\libgcc.a(_clear_bss.o)
                              heap_2.o (__do_clear_bss)
c:/program files (x86)/atmel/studio/7.0/toolchain/avr8/avr8-gnu-toolchain/bin/../lib/gcc/avr/4.9.2/../../../../avr/lib/avr5\libc.a(memcpy.o)
                              queue.o (memcpy)
c:/program files (x86)/atmel/studio/7.0/toolchain/avr8/avr8-gnu-toolchain/bin/../lib/gcc/avr/4.9.2/../../../../avr/lib/avr5\libc.a(strcmp.o)
                              main.o (strcmp)

Allocating common symbols
Common symbol       size              file

xQueueRegistry      0x20              queue.o

Discarded input sections

 .data          0x00000000        0x0 C:/Program Files (x86)/Atmel/Studio/7.0/Packs/atmel/ATmega_DFP/1.1.130/gcc/dev/atmega32/avr5/crtatmega32.o
 .bss           0x00000000        0x0 C:/Program Files (x86)/Atmel/Studio/7.0/Packs/atmel/ATmega_DFP/1.1.130/gcc/dev/atmega32/avr5/crtatmega32.o
 .text          0x00000000        0x0 heap_2.o
 .data          0x00000000        0x0 heap_2.o
 .bss           0x00000000        0x0 heap_2.o
 .text.xPortGetFreeHeapSize
                0x00000000        0xa heap_2.o
 .text.vPortInitialiseBlocks
                0x00000000        0x2 heap_2.o
 .text          0x00000000        0x0 keypad.o
 .data          0x00000000        0x0 keypad.o
 .bss           0x00000000        0x0 keypad.o
 .text          0x00000000        0x0 keypad_config.o
 .data          0x00000000        0x0 keypad_config.o
 .bss           0x00000000        0x0 keypad_config.o
 .text          0x00000000        0x0 LCD_Lib.o
 .data          0x00000000        0x0 LCD_Lib.o
 .bss           0x00000000        0x0 LCD_Lib.o
 .text.LCD_Write_float
                0x00000000        0x2 LCD_Lib.o
 .text          0x00000000        0x0 list.o
 .data          0x00000000        0x0 list.o
 .bss           0x00000000        0x0 list.o
 .text          0x00000000        0x0 main.o
 .data          0x00000000        0x0 main.o
 .bss           0x00000000        0x0 main.o
 .text          0x00000000        0x0 MCAL_GPIO.o
 .data          0x00000000        0x0 MCAL_GPIO.o
 .bss           0x00000000        0x0 MCAL_GPIO.o
 .text          0x00000000        0x0 port.o
 .data          0x00000000        0x0 port.o
 .bss           0x00000000        0x0 port.o
 .text.vPortEndScheduler
                0x00000000        0x2 port.o
 .text          0x00000000        0x0 queue.o
 .data          0x00000000        0x0 queue.o
 .bss           0x00000000        0x0 queue.o
 .text.xQueueCreateMutex
                0x00000000       0x34 queue.o
 .text.xQueueGenericSendFromISR
                0x00000000       0x74 queue.o
 .text.xQueueGiveFromISR
                0x00000000       0x52 queue.o
 .text.xQueueReceiveFromISR
                0x00000000       0x6e queue.o
 .text.xQueuePeekFromISR
                0x00000000       0x2e queue.o
 .text.uxQueueMessagesWaiting
                0x00000000       0x10 queue.o
 .text.uxQueueSpacesAvailable
                0x00000000       0x14 queue.o
 .text.uxQueueMessagesWaitingFromISR
                0x00000000        0x6 queue.o
 .text.xQueueIsQueueEmptyFromISR
                0x00000000        0xc queue.o
 .text.xQueueIsQueueFullFromISR
                0x00000000        0xe queue.o
 .text.vQueueAddToRegistry
                0x00000000       0x4e queue.o
 .text.pcQueueGetName
                0x00000000       0x4e queue.o
 .text.vQueueUnregisterQueue
                0x00000000       0x4e queue.o
 .text.vQueueDelete
                0x00000000       0x16 queue.o
 COMMON         0x00000000       0x20 queue.o
 .text          0x00000000        0x0 tasks.o
 .data          0x00000000        0x0 tasks.o
 .bss           0x00000000        0x0 tasks.o
 .text.vTaskDelete
                0x00000000       0xaa tasks.o
 .text.uxTaskPriorityGet
                0x00000000       0x1c tasks.o
 .text.uxTaskPriorityGetFromISR
                0x00000000       0x12 tasks.o
 .text.vTaskPrioritySet
                0x00000000       0xf8 tasks.o
 .text.vTaskResume
                0x00000000       0x9e tasks.o
 .text.xTaskResumeFromISR
                0x00000000       0xae tasks.o
 .text.vTaskEndScheduler
                0x00000000        0xc tasks.o
 .text.xTaskGetTickCount
                0x00000000       0x14 tasks.o
 .text.xTaskGetTickCountFromISR
                0x00000000        0xa tasks.o
 .text.uxTaskGetNumberOfTasks
                0x00000000        0x6 tasks.o
 .text.pcTaskGetName
                0x00000000       0x10 tasks.o
 .text.vTaskDelayUntil
                0x00000000       0x80 tasks.o
 .text.vTaskSuspend
                0x00000000       0x9c tasks.o
 .text.vTaskPlaceOnUnorderedEventList
                0x00000000       0x32 tasks.o
 .text.xTaskRemoveFromUnorderedEventList
                0x00000000       0x74 tasks.o
 .text.xTaskGetCurrentTaskHandle
                0x00000000        0xa tasks.o
 .text.uxTaskResetEventItemValue
                0x00000000       0x2e tasks.o
 .text.ulTaskNotifyTake
                0x00000000       0xb2 tasks.o
 .text.xTaskNotifyWait
                0x00000000      0x108 tasks.o
 .text.xTaskGenericNotify
                0x00000000       0xfc tasks.o
 .text.xTaskGenericNotifyFromISR
                0x00000000      0x122 tasks.o
 .text.vTaskNotifyGiveFromISR
                0x00000000       0xb6 tasks.o
 .text.xTaskNotifyStateClear
                0x00000000       0x28 tasks.o
 .text          0x00000000        0x0 c:/program files (x86)/atmel/studio/7.0/toolchain/avr8/avr8-gnu-toolchain/bin/../lib/gcc/avr/4.9.2/avr5\libgcc.a(_exit.o)
 .data          0x00000000        0x0 c:/program files (x86)/atmel/studio/7.0/toolchain/avr8/avr8-gnu-toolchain/bin/../lib/gcc/avr/4.9.2/avr5\libgcc.a(_exit.o)
 .bss           0x00000000        0x0 c:/program files (x86)/atmel/studio/7.0/toolchain/avr8/avr8-gnu-toolchain/bin/../lib/gcc/avr/4.9.2/avr5\libgcc.a(_exit.o)
 .text.libgcc.mul
                0x00000000        0x0 c:/program files (x86)/atmel/studio/7.0/toolchain/avr8/avr8-gnu-toolchain/bin/../lib/gcc/avr/4.9.2/avr5\libgcc.a(_exit.o)
 .text.libgcc.div
                0x00000000        0x0 c:/program files (x86)/atmel/studio/7.0/toolchain/avr8/avr8-gnu-toolchain/bin/../lib/gcc/avr/4.9.2/avr5\libgcc.a(_exit.o)
 .text.libgcc   0x00000000        0x0 c:/program files (x86)/atmel/studio/7.0/toolchain/avr8/avr8-gnu-toolchain/bin/../lib/gcc/avr/4.9.2/avr5\libgcc.a(_exit.o)
 .text.libgcc.prologue
                0x00000000        0x0 c:/program files (x86)/atmel/studio/7.0/toolchain/avr8/avr8-gnu-toolchain/bin/../lib/gcc/avr/4.9.2/avr5\libgcc.a(_exit.o)
 .text.libgcc.builtins
                0x00000000        0x0 c:/program files (x86)/atmel/studio/7.0/toolchain/avr8/avr8-gnu-toolchain/bin/../lib/gcc/avr/4.9.2/avr5\libgcc.a(_exit.o)
 .text.libgcc.fmul
                0x00000000        0x0 c:/program files (x86)/atmel/studio/7.0/toolchain/avr8/avr8-gnu-toolchain/bin/../lib/gcc/avr/4.9.2/avr5\libgcc.a(_exit.o)
 .text.libgcc.fixed
                0x00000000        0x0 c:/program files (x86)/atmel/studio/7.0/toolchain/avr8/avr8-gnu-toolchain/bin/../lib/gcc/avr/4.9.2/avr5\libgcc.a(_exit.o)
 .text          0x00000000        0x0 c:/program files (x86)/atmel/studio/7.0/toolchain/avr8/avr8-gnu-toolchain/bin/../lib/gcc/avr/4.9.2/avr5\libgcc.a(_copy_data.o)
 .data          0x00000000        0x0 c:/program files (x86)/atmel/studio/7.0/toolchain/avr8/avr8-gnu-toolchain/bin/../lib/gcc/avr/4.9.2/avr5\libgcc.a(_copy_data.o)
 .bss           0x00000000        0x0 c:/program files (x86)/atmel/studio/7.0/toolchain/avr8/avr8-gnu-toolchain/bin/../lib/gcc/avr/4.9.2/avr5\libgcc.a(_copy_data.o)
 .text.libgcc.mul
                0x00000000        0x0 c:/program files (x86)/atmel/studio/7.0/toolchain/avr8/avr8-gnu-toolchain/bin/../lib/gcc/avr/4.9.2/avr5\libgcc.a(_copy_data.o)
 .text.libgcc.div
                0x00000000        0x0 c:/program files (x86)/atmel/studio/7.0/toolchain/avr8/avr8-gnu-toolchain/bin/../lib/gcc/avr/4.9.2/avr5\libgcc.a(_copy_data.o)
 .text.libgcc   0x00000000        0x0 c:/program files (x86)/atmel/studio/7.0/toolchain/avr8/avr8-gnu-toolchain/bin/../lib/gcc/avr/4.9.2/avr5\libgcc.a(_copy_data.o)
 .text.libgcc.prologue
                0x00000000        0x0 c:/program files (x86)/atmel/studio/7.0/toolchain/avr8/avr8-gnu-toolchain/bin/../lib/gcc/avr/4.9.2/avr5\libgcc.a(_copy_data.o)
 .text.libgcc.builtins
                0x00000000        0x0 c:/program files (x86)/atmel/studio/7.0/toolchain/avr8/avr8-gnu-toolchain/bin/../lib/gcc/avr/4.9.2/avr5\libgcc.a(_copy_data.o)
 .text.libgcc.fmul
                0x00000000        0x0 c:/program files (x86)/atmel/studio/7.0/toolchain/avr8/avr8-gnu-toolchain/bin/../lib/gcc/avr/4.9.2/avr5\libgcc.a(_copy_data.o)
 .text.libgcc.fixed
                0x00000000        0x0 c:/program files (x86)/atmel/studio/7.0/toolchain/avr8/avr8-gnu-toolchain/bin/../lib/gcc/avr/4.9.2/avr5\libgcc.a(_copy_data.o)
 .text          0x00000000        0x0 c:/program files (x86)/atmel/studio/7.0/toolchain/avr8/avr8-gnu-toolchain/bin/../lib/gcc/avr/4.9.2/avr5\libgcc.a(_clear_bss.o)
 .data          0x00000000        0x0 c:/program files (x86)/atmel/studio/7.0/toolchain/avr8/avr8-gnu-toolchain/bin/../lib/gcc/avr/4.9.2/avr5\libgcc.a(_clear_bss.o)
 .bss           0x00000000        0x0 c:/program files (x86)/atmel/studio/7.0/toolchain/avr8/avr8-gnu-toolchain/bin/../lib/gcc/avr/4.9.2/avr5\libgcc.a(_clear_bss.o)
 .text.libgcc.mul
                0x00000000        0x0 c:/program files (x86)/atmel/studio/7.0/toolchain/avr8/avr8-gnu-toolchain/bin/../lib/gcc/avr/4.9.2/avr5\libgcc.a(_clear_bss.o)
 .text.libgcc.div
                0x00000000        0x0 c:/program files (x86)/atmel/studio/7.0/toolchain/avr8/avr8-gnu-toolchain/bin/../lib/gcc/avr/4.9.2/avr5\libgcc.a(_clear_bss.o)
 .text.libgcc   0x00000000        0x0 c:/program files (x86)/atmel/studio/7.0/toolchain/avr8/avr8-gnu-toolchain/bin/../lib/gcc/avr/4.9.2/avr5\libgcc.a(_clear_bss.o)
 .text.libgcc.prologue
                0x00000000        0x0 c:/program files (x86)/atmel/studio/7.0/toolchain/avr8/avr8-gnu-toolchain/bin/../lib/gcc/avr/4.9.2/avr5\libgcc.a(_clear_bss.o)
 .text.libgcc.builtins
                0x00000000        0x0 c:/program files (x86)/atmel/studio/7.0/toolchain/avr8/avr8-gnu-toolchain/bin/../lib/gcc/avr/4.9.2/avr5\libgcc.a(_clear_bss.o)
 .text.libgcc.fmul
                0x00000000        0x0 c:/program files (x86)/atmel/studio/7.0/toolchain/avr8/avr8-gnu-toolchain/bin/../lib/gcc/avr/4.9.2/avr5\libgcc.a(_clear_bss.o)
 .text.libgcc.fixed
                0x00000000        0x0 c:/program files (x86)/atmel/studio/7.0/toolchain/avr8/avr8-gnu-toolchain/bin/../lib/gcc/avr/4.9.2/avr5\libgcc.a(_clear_bss.o)
 .text          0x00000000        0x0 c:/program files (x86)/atmel/studio/7.0/toolchain/avr8/avr8-gnu-toolchain/bin/../lib/gcc/avr/4.9.2/../../../../avr/lib/avr5\libc.a(memcpy.o)
 .data          0x00000000        0x0 c:/program files (x86)/atmel/studio/7.0/toolchain/avr8/avr8-gnu-toolchain/bin/../lib/gcc/avr/4.9.2/../../../../avr/lib/avr5\libc.a(memcpy.o)
 .bss           0x00000000        0x0 c:/program files (x86)/atmel/studio/7.0/toolchain/avr8/avr8-gnu-toolchain/bin/../lib/gcc/avr/4.9.2/../../../../avr/lib/avr5\libc.a(memcpy.o)
 .text          0x00000000        0x0 c:/program files (x86)/atmel/studio/7.0/toolchain/avr8/avr8-gnu-toolchain/bin/../lib/gcc/avr/4.9.2/../../../../avr/lib/avr5\libc.a(strcmp.o)
 .data          0x00000000        0x0 c:/program files (x86)/atmel/studio/7.0/toolchain/avr8/avr8-gnu-toolchain/bin/../lib/gcc/avr/4.9.2/../../../../avr/lib/avr5\libc.a(strcmp.o)
 .bss           0x00000000        0x0 c:/program files (x86)/atmel/studio/7.0/toolchain/avr8/avr8-gnu-toolchain/bin/../lib/gcc/avr/4.9.2/../../../../avr/lib/avr5\libc.a(strcmp.o)

Memory Configuration

Name             Origin             Length             Attributes
text             0x00000000         0x00020000         xr
data             0x00800060         0x0000ffa0         rw !x
eeprom           0x00810000         0x00010000         rw !x
fuse             0x00820000         0x00000002         rw !x
lock             0x00830000         0x00000400         rw !x
signature        0x00840000         0x00000400         rw !x
user_signatures  0x00850000         0x00000400         rw !x
*default*        0x00000000         0xffffffff

Linker script and memory map

LOAD C:/Program Files (x86)/Atmel/Studio/7.0/Packs/atmel/ATmega_DFP/1.1.130/gcc/dev/atmega32/avr5/crtatmega32.o
LOAD heap_2.o
LOAD keypad.o
LOAD keypad_config.o
LOAD LCD_Lib.o
LOAD list.o
LOAD main.o
LOAD MCAL_GPIO.o
LOAD port.o
LOAD queue.o
LOAD tasks.o
START GROUP
LOAD c:/program files (x86)/atmel/studio/7.0/toolchain/avr8/avr8-gnu-toolchain/bin/../lib/gcc/avr/4.9.2/../../../../avr/lib/avr5\libm.a
END GROUP
START GROUP
LOAD c:/program files (x86)/atmel/studio/7.0/toolchain/avr8/avr8-gnu-toolchain/bin/../lib/gcc/avr/4.9.2/avr5\libgcc.a
LOAD c:/program files (x86)/atmel/studio/7.0/toolchain/avr8/avr8-gnu-toolchain/bin/../lib/gcc/avr/4.9.2/../../../../avr/lib/avr5\libm.a
LOAD c:/program files (x86)/atmel/studio/7.0/toolchain/avr8/avr8-gnu-toolchain/bin/../lib/gcc/avr/4.9.2/../../../../avr/lib/avr5\libc.a
LOAD C:/Program Files (x86)/Atmel/Studio/7.0/Packs/atmel/ATmega_DFP/1.1.130/gcc/dev/atmega32/avr5\libatmega32.a
END GROUP
                0x00020000                __TEXT_REGION_LENGTH__ = DEFINED (__TEXT_REGION_LENGTH__)?__TEXT_REGION_LENGTH__:0x20000
                0x0000ffa0                __DATA_REGION_LENGTH__ = DEFINED (__DATA_REGION_LENGTH__)?__DATA_REGION_LENGTH__:0xffa0
                0x00010000                __EEPROM_REGION_LENGTH__ = DEFINED (__EEPROM_REGION_LENGTH__)?__EEPROM_REGION_LENGTH__:0x10000
                [0x00000002]                __FUSE_REGION_LENGTH__ = DEFINED (__FUSE_REGION_LENGTH__)?__FUSE_REGION_LENGTH__:0x400
                0x00000400                __LOCK_REGION_LENGTH__ = DEFINED (__LOCK_REGION_LENGTH__)?__LOCK_REGION_LENGTH__:0x400
                0x00000400                __SIGNATURE_REGION_LENGTH__ = DEFINED (__SIGNATURE_REGION_LENGTH__)?__SIGNATURE_REGION_LENGTH__:0x400
                0x00000400                __USER_SIGNATURE_REGION_LENGTH__ = DEFINED (__USER_SIGNATURE_REGION_LENGTH__)?__USER_SIGNATURE_REGION_LENGTH__:0x400

.hash
 *(.hash)

.dynsym
 *(.dynsym)

.dynstr
 *(.dynstr)

.gnu.version
 *(.gnu.version)

.gnu.version_d
 *(.gnu.version_d)

.gnu.version_r
 *(.gnu.version_r)

.rel.init
 *(.rel.init)

.rela.init
 *(.rela.init)

.rel.text
 *(.rel.text)
 *(.rel.text.*)
 *(.rel.gnu.linkonce.t*)

.rela.text
 *(.rela.text)
 *(.rela.text.*)
 *(.rela.gnu.linkonce.t*)

.rel.fini
 *(.rel.fini)

.rela.fini
 *(.rela.fini)

.rel.rodata
 *(.rel.rodata)
 *(.rel.rodata.*)
 *(.rel.gnu.linkonce.r*)

.rela.rodata
 *(.rela.rodata)
 *(.rela.rodata.*)
 *(.rela.gnu.linkonce.r*)

.rel.data
 *(.rel.data)
 *(.rel.data.*)
 *(.rel.gnu.linkonce.d*)

.rela.data
 *(.rela.data)
 *(.rela.data.*)
 *(.rela.gnu.linkonce.d*)

.rel.ctors
 *(.rel.ctors)

.rela.ctors
 *(.rela.ctors)

.rel.dtors
 *(.rel.dtors)

.rela.dtors
 *(.rela.dtors)

.rel.got
 *(.rel.got)

.rela.got
 *(.rela.got)

.rel.bss
 *(.rel.bss)

.rela.bss
 *(.rela.bss)

.rel.plt
 *(.rel.plt)

.rela.plt
 *(.rela.plt)

.text           0x00000000     0x1d90
 *(.vectors)
 .vectors       0x00000000       0x54 C:/Program Files (x86)/Atmel/Studio/7.0/Packs/atmel/ATmega_DFP/1.1.130/gcc/dev/atmega32/avr5/crtatmega32.o
                0x00000000                __vector_default
                0x00000000                __vectors
 *(.vectors)
 *(.progmem.gcc*)
                0x00000054                . = ALIGN (0x2)
                0x00000054                __trampolines_start = .
 *(.trampolines)
 .trampolines   0x00000054        0x0 linker stubs
 *(.trampolines*)
                0x00000054                __trampolines_end = .
 *libprintf_flt.a:*(.progmem.data)
 *libc.a:*(.progmem.data)
 *(.progmem*)
                0x00000054                . = ALIGN (0x2)
 *(.jumptables)
 *(.jumptables*)
 *(.lowtext)
 *(.lowtext*)
                0x00000054                __ctors_start = .
 *(.ctors)
                0x00000054                __ctors_end = .
                0x00000054                __dtors_start = .
 *(.dtors)
                0x00000054                __dtors_end = .
 SORT(*)(.ctors)
 SORT(*)(.dtors)
 *(.init0)
 .init0         0x00000054        0x0 C:/Program Files (x86)/Atmel/Studio/7.0/Packs/atmel/ATmega_DFP/1.1.130/gcc/dev/atmega32/avr5/crtatmega32.o
                0x00000054                __init
 *(.init0)
 *(.init1)
 *(.init1)
 *(.init2)
 .init2         0x00000054        0xc C:/Program Files (x86)/Atmel/Studio/7.0/Packs/atmel/ATmega_DFP/1.1.130/gcc/dev/atmega32/avr5/crtatmega32.o
 *(.init2)
 *(.init3)
 *(.init3)
 *(.init4)
 .init4         0x00000060       0x16 c:/program files (x86)/atmel/studio/7.0/toolchain/avr8/avr8-gnu-toolchain/bin/../lib/gcc/avr/4.9.2/avr5\libgcc.a(_copy_data.o)
                0x00000060                __do_copy_data
 .init4         0x00000076       0x10 c:/program files (x86)/atmel/studio/7.0/toolchain/avr8/avr8-gnu-toolchain/bin/../lib/gcc/avr/4.9.2/avr5\libgcc.a(_clear_bss.o)
                0x00000076                __do_clear_bss
 *(.init4)
 *(.init5)
 *(.init5)
 *(.init6)
 *(.init6)
 *(.init7)
 *(.init7)
 *(.init8)
 *(.init8)
 *(.init9)
 .init9         0x00000086        0x8 C:/Program Files (x86)/Atmel/Studio/7.0/Packs/atmel/ATmega_DFP/1.1.130/gcc/dev/atmega32/avr5/crtatmega32.o
 *(.init9)
 *(.text)
 .text          0x0000008e        0x4 C:/Program Files (x86)/Atmel/Studio/7.0/Packs/atmel/ATmega_DFP/1.1.130/gcc/dev/atmega32/avr5/crtatmega32.o
                0x0000008e                __vector_1
                0x0000008e                __vector_12
                0x0000008e                __bad_interrupt
                0x0000008e                __vector_6
                0x0000008e                __vector_3
                0x0000008e                __vector_11
                0x0000008e                __vector_13
                0x0000008e                __vector_17
                0x0000008e                __vector_19
                0x0000008e                __vector_5
                0x0000008e                __vector_4
                0x0000008e                __vector_9
                0x0000008e                __vector_2
                0x0000008e                __vector_15
                0x0000008e                __vector_8
                0x0000008e                __vector_14
                0x0000008e                __vector_10
                0x0000008e                __vector_16
                0x0000008e                __vector_18
                0x0000008e                __vector_20
                0x00000092                . = ALIGN (0x2)
 *(.text.*)
 .text.pvPortMalloc
                0x00000092      0x134 heap_2.o
                0x00000092                pvPortMalloc
 .text.vPortFree
                0x000001c6       0x66 heap_2.o
                0x000001c6                vPortFree
 .text.Keypad_Init
                0x0000022c       0xba keypad.o
                0x0000022c                Keypad_Init
 .text.Keypad_getkey
                0x000002e6      0x21c keypad.o
                0x000002e6                Keypad_getkey
 .text.LCD_READ
                0x00000502       0x1a LCD_Lib.o
 .text.LCD_Write_4bit_mode
                0x0000051c       0x60 LCD_Lib.o
 .text.LCD_Write_Command
                0x0000057c        0xa LCD_Lib.o
                0x0000057c                LCD_Write_Command
 .text.LCD_Go_To_X_Y
                0x00000586       0x1c LCD_Lib.o
                0x00000586                LCD_Go_To_X_Y
 .text.LCD_Write_Character
                0x000005a2        0xa LCD_Lib.o
                0x000005a2                LCD_Write_Character
 .text.LCD_Write_String
                0x000005ac       0x1e LCD_Lib.o
                0x000005ac                LCD_Write_String
 .text.LCD_Initialization
                0x000005ca       0x3a LCD_Lib.o
                0x000005ca                LCD_Initialization
 .text.vListInitialise
                0x00000604       0x1c list.o
                0x00000604                vListInitialise
 .text.vListInitialiseItem
                0x00000620        0x8 list.o
                0x00000620                vListInitialiseItem
 .text.vListInsertEnd
                0x00000628       0x42 list.o
                0x00000628                vListInsertEnd
 .text.vListInsert
                0x0000066a       0x62 list.o
                0x0000066a                vListInsert
 .text.uxListRemove
                0x000006cc       0x4c list.o
                0x000006cc                uxListRemove
 .text.vTask_KeyPad
                0x00000718       0x64 main.o
                0x00000718                vTask_KeyPad
 .text.vTask_LCD
                0x0000077c      0x12a main.o
                0x0000077c                vTask_LCD
 .text.vTask_Password_Check
                0x000008a6       0x7c main.o
                0x000008a6                vTask_Password_Check
 .text.main     0x00000922       0x7c main.o
                0x00000922                main
 .text.GPIO_Init
                0x0000099e       0xbe MCAL_GPIO.o
                0x0000099e                GPIO_Init
 .text.GPIO_Write
                0x00000a5c       0x6c MCAL_GPIO.o
                0x00000a5c                GPIO_Write
 .text.GPIO_Read
                0x00000ac8       0xb0 MCAL_GPIO.o
                0x00000ac8                GPIO_Read
 .text.pxPortInitialiseStack
                0x00000b78       0xd8 port.o
                0x00000b78                pxPortInitialiseStack
 .text.xPortStartScheduler
                0x00000c50       0x6a port.o
                0x00000c50                xPortStartScheduler
 .text.vPortYield
                0x00000cba       0xb2 port.o
                0x00000cba                vPortYield
 .text.vPortYieldFromTick
                0x00000d6c       0xb8 port.o
                0x00000d6c                vPortYieldFromTick
 .text.__vector_7
                0x00000e24        0x6 port.o
                0x00000e24                __vector_7
 .text.prvCopyDataToQueue
                0x00000e2a       0xc2 queue.o
 .text.prvCopyDataFromQueue
                0x00000eec       0x34 queue.o
 .text.prvUnlockQueue
                0x00000f20       0x9a queue.o
 .text.xQueueGenericReset
                0x00000fba       0x7a queue.o
                0x00000fba                xQueueGenericReset
 .text.xQueueGenericCreate
                0x00001034       0x5a queue.o
                0x00001034                xQueueGenericCreate
 .text.xQueueGenericSend
                0x0000108e      0x142 queue.o
                0x0000108e                xQueueGenericSend
 .text.xQueueGenericReceive
                0x000011d0      0x198 queue.o
                0x000011d0                xQueueGenericReceive
 .text.prvResetNextTaskUnblockTime
                0x00001368       0x3e tasks.o
 .text.prvAddCurrentTaskToDelayedList
                0x000013a6       0xb0 tasks.o
 .text.xTaskCreate
                0x00001456      0x222 tasks.o
                0x00001456                xTaskCreate
 .text.vTaskStartScheduler
                0x00001678       0x54 tasks.o
                0x00001678                vTaskStartScheduler
 .text.vTaskSuspendAll
                0x000016cc        0xc tasks.o
                0x000016cc                vTaskSuspendAll
 .text.xTaskIncrementTick
                0x000016d8      0x176 tasks.o
                0x000016d8                xTaskIncrementTick
 .text.xTaskResumeAll
                0x0000184e       0xfe tasks.o
                0x0000184e                xTaskResumeAll
 .text.vTaskDelay
                0x0000194c       0x28 tasks.o
                0x0000194c                vTaskDelay
 .text.prvIdleTask
                0x00001974       0x7a tasks.o
 .text.vTaskSwitchContext
                0x000019ee       0xcc tasks.o
                0x000019ee                vTaskSwitchContext
 .text.vTaskPlaceOnEventList
                0x00001aba       0x26 tasks.o
                0x00001aba                vTaskPlaceOnEventList
 .text.xTaskRemoveFromEventList
                0x00001ae0       0x90 tasks.o
                0x00001ae0                xTaskRemoveFromEventList
 .text.vTaskSetTimeOutState
                0x00001b70       0x16 tasks.o
                0x00001b70                vTaskSetTimeOutState
 .text.xTaskCheckForTimeOut
                0x00001b86       0x72 tasks.o
                0x00001b86                xTaskCheckForTimeOut
 .text.vTaskMissedYield
                0x00001bf8        0x8 tasks.o
                0x00001bf8                vTaskMissedYield
 .text.vTaskPriorityInherit
                0x00001c00       0xc4 tasks.o
                0x00001c00                vTaskPriorityInherit
 .text.xTaskPriorityDisinherit
                0x00001cc4       0x80 tasks.o
                0x00001cc4                xTaskPriorityDisinherit
 .text.pvTaskIncrementMutexHeldCount
                0x00001d44       0x24 tasks.o
                0x00001d44                pvTaskIncrementMutexHeldCount
 .text.avr-libc
                0x00001d68       0x12 c:/program files (x86)/atmel/studio/7.0/toolchain/avr8/avr8-gnu-toolchain/bin/../lib/gcc/avr/4.9.2/../../../../avr/lib/avr5\libc.a(memcpy.o)
                0x00001d68                memcpy
 .text.avr-libc
                0x00001d7a       0x12 c:/program files (x86)/atmel/studio/7.0/toolchain/avr8/avr8-gnu-toolchain/bin/../lib/gcc/avr/4.9.2/../../../../avr/lib/avr5\libc.a(strcmp.o)
                0x00001d7a                strcmp
                0x00001d8c                . = ALIGN (0x2)
 *(.fini9)
 .fini9         0x00001d8c        0x0 c:/program files (x86)/atmel/studio/7.0/toolchain/avr8/avr8-gnu-toolchain/bin/../lib/gcc/avr/4.9.2/avr5\libgcc.a(_exit.o)
                0x00001d8c                _exit
                0x00001d8c                exit
 *(.fini9)
 *(.fini8)
 *(.fini8)
 *(.fini7)
 *(.fini7)
 *(.fini6)
 *(.fini6)
 *(.fini5)
 *(.fini5)
 *(.fini4)
 *(.fini4)
 *(.fini3)
 *(.fini3)
 *(.fini2)
 *(.fini2)
 *(.fini1)
 *(.fini1)
 *(.fini0)
 .fini0         0x00001d8c        0x4 c:/program files (x86)/atmel/studio/7.0/toolchain/avr8/avr8-gnu-toolchain/bin/../lib/gcc/avr/4.9.2/avr5\libgcc.a(_exit.o)
 *(.fini0)
                0x00001d90                _etext = .

.data           0x00800060       0x82 load address 0x00001d90
                0x00800060                PROVIDE (__data_start, .)
 *(.data)
 *(.data*)
 .data.xFreeBytesRemaining
                0x00800060        0x2 heap_2.o
 .data.g_CurrentPassword
                0x00800062        0x9 main.o
                0x00800062                g_CurrentPassword
 *(.rodata)
 *(.rodata*)
 .rodata.g_Keypad_Map
                0x0080006b       0x10 keypad_config.o
                0x0080006b                g_Keypad_Map
 .rodata.g_Keypad_Row_Config
                0x0080007b        0x8 keypad_config.o
                0x0080007b                g_Keypad_Row_Config
 .rodata.g_Keypad_Col_Config
                0x00800083        0x8 keypad_config.o
                0x00800083                g_Keypad_Col_Config
 .rodata.str1.1
                0x0080008b       0x51 main.o
 .rodata.str1.1
                0x008000dc        0x5 tasks.o
 *(.gnu.linkonce.d*)
                0x008000e2                . = ALIGN (0x2)
 *fill*         0x008000e1        0x1 
                0x008000e2                _edata = .
                0x008000e2                PROVIDE (__data_end, .)

.bss            0x008000e2      0x46e
                0x008000e2                PROVIDE (__bss_start, .)
 *(.bss)
 *(.bss*)
 .bss.xHeapHasBeenInitialised.1954
                0x008000e2        0x1 heap_2.o
 .bss.xEnd      0x008000e3        0x4 heap_2.o
 .bss.xStart    0x008000e7        0x4 heap_2.o
 .bss.ucHeap    0x008000eb      0x3e8 heap_2.o
 .bss.g_Password
                0x008004d3        0xa main.o
                0x008004d3                g_Password
 .bss.CheckPasswordSemaphore
                0x008004dd        0x2 main.o
                0x008004dd                CheckPasswordSemaphore
 .bss.LCD_Queue
                0x008004df        0x2 main.o
                0x008004df                LCD_Queue
 .bss.uxSchedulerSuspended
                0x008004e1        0x1 tasks.o
 .bss.xIdleTaskHandle
                0x008004e2        0x2 tasks.o
 .bss.xNextTaskUnblockTime
                0x008004e4        0x2 tasks.o
 .bss.uxTaskNumber
                0x008004e6        0x1 tasks.o
 .bss.xNumOfOverflows
                0x008004e7        0x1 tasks.o
 .bss.xYieldPending
                0x008004e8        0x1 tasks.o
 .bss.uxPendedTicks
                0x008004e9        0x1 tasks.o
 .bss.xSchedulerRunning
                0x008004ea        0x1 tasks.o
 .bss.uxTopReadyPriority
                0x008004eb        0x1 tasks.o
 .bss.xTickCount
                0x008004ec        0x2 tasks.o
 .bss.uxCurrentNumberOfTasks
                0x008004ee        0x1 tasks.o
 .bss.xSuspendedTaskList
                0x008004ef        0x9 tasks.o
 .bss.uxDeletedTasksWaitingCleanUp
                0x008004f8        0x1 tasks.o
 .bss.xTasksWaitingTermination
                0x008004f9        0x9 tasks.o
 .bss.xPendingReadyList
                0x00800502        0x9 tasks.o
 .bss.pxOverflowDelayedTaskList
                0x0080050b        0x2 tasks.o
 .bss.pxDelayedTaskList
                0x0080050d        0x2 tasks.o
 .bss.xDelayedTaskList2
                0x0080050f        0x9 tasks.o
 .bss.xDelayedTaskList1
                0x00800518        0x9 tasks.o
 .bss.pxReadyTasksLists
                0x00800521       0x2d tasks.o
 .bss.pxCurrentTCB
                0x0080054e        0x2 tasks.o
                0x0080054e                pxCurrentTCB
 *(COMMON)
                0x00800550                PROVIDE (__bss_end, .)
                0x00001d90                __data_load_start = LOADADDR (.data)
                0x00001e12                __data_load_end = (__data_load_start + SIZEOF (.data))

.noinit         0x00800550        0x0
                [!provide]                PROVIDE (__noinit_start, .)
 *(.noinit*)
                [!provide]                PROVIDE (__noinit_end, .)
                0x00800550                _end = .
                [!provide]                PROVIDE (__heap_start, .)

.eeprom         0x00810000        0x0
 *(.eeprom*)
                0x00810000                __eeprom_end = .

.fuse
 *(.fuse)
 *(.lfuse)
 *(.hfuse)
 *(.efuse)

.lock
 *(.lock*)

.signature
 *(.signature*)

.user_signatures
 *(.user_signatures*)

.stab
 *(.stab)

.stabstr
 *(.stabstr)

.stab.excl
 *(.stab.excl)

.stab.exclstr
 *(.stab.exclstr)

.stab.index
 *(.stab.index)

.stab.indexstr
 *(.stab.indexstr)

.comment        0x00000000       0x30
 *(.comment)
 .comment       0x00000000       0x30 heap_2.o
                                 0x31 (size before relaxing)
 .comment       0x00000030       0x31 keypad.o
 .comment       0x00000030       0x31 keypad_config.o
 .comment       0x00000030       0x31 LCD_Lib.o
 .comment       0x00000030       0x31 list.o
 .comment       0x00000030       0x31 main.o
 .comment       0x00000030       0x31 MCAL_GPIO.o
 .comment       0x00000030       0x31 port.o
 .comment       0x00000030       0x31 queue.o
 .comment       0x00000030       0x31 tasks.o

.note.gnu.avr.deviceinfo
                0x00000000       0x3c
 .note.gnu.avr.deviceinfo
                0x00000000       0x3c C:/Program Files (x86)/Atmel/Studio/7.0/Packs/atmel/ATmega_DFP/1.1.130/gcc/dev/atmega32/avr5/crtatmega32.o

.note.gnu.build-id
 *(.note.gnu.build-id)

.debug
 *(.debug)

.line
 *(.line)

.debug_srcinfo
 *(.debug_srcinfo)

.debug_sfnames
 *(.debug_sfnames)

.debug_aranges  0x00000000      0x3e0
 *(.debug_aranges)
 .debug_aranges
                0x00000000       0x38 heap_2.o
 .debug_aranges
                0x00000038       0x28 keypad.o
 .debug_aranges
                0x00000060       0x18 keypad_config.o
 .debug_aranges
                0x00000078       0x58 LCD_Lib.o
 .debug_aranges
                0x000000d0       0x40 list.o
 .debug_aranges
                0x00000110       0x38 main.o
 .debug_aranges
                0x00000148       0x30 MCAL_GPIO.o
 .debug_aranges
                0x00000178       0x48 port.o
 .debug_aranges
                0x000001c0       0xc0 queue.o
 .debug_aranges
                0x00000280      0x160 tasks.o

.debug_pubnames
 *(.debug_pubnames)

.debug_info     0x00000000     0x52ca
 *(.debug_info .gnu.linkonce.wi.*)
 .debug_info    0x00000000      0x4e6 C:/Program Files (x86)/Atmel/Studio/7.0/Packs/atmel/ATmega_DFP/1.1.130/gcc/dev/atmega32/avr5/crtatmega32.o
 .debug_info    0x000004e6      0x338 heap_2.o
 .debug_info    0x0000081e      0x376 keypad.o
 .debug_info    0x00000b94      0x12f keypad_config.o
 .debug_info    0x00000cc3      0x3b9 LCD_Lib.o
 .debug_info    0x0000107c      0x2cd list.o
 .debug_info    0x00001349      0x99f main.o
 .debug_info    0x00001ce8      0x1f6 MCAL_GPIO.o
 .debug_info    0x00001ede      0x261 port.o
 .debug_info    0x0000213f     0x13ae queue.o
 .debug_info    0x000034ed     0x1ddd tasks.o

.debug_abbrev   0x00000000     0x160c
 *(.debug_abbrev)
 .debug_abbrev  0x00000000      0x4a3 C:/Program Files (x86)/Atmel/Studio/7.0/Packs/atmel/ATmega_DFP/1.1.130/gcc/dev/atmega32/avr5/crtatmega32.o
 .debug_abbrev  0x000004a3      0x1cc heap_2.o
 .debug_abbrev  0x0000066f      0x14c keypad.o
 .debug_abbrev  0x000007bb       0x8f keypad_config.o
 .debug_abbrev  0x0000084a      0x1c8 LCD_Lib.o
 .debug_abbrev  0x00000a12       0xf8 list.o
 .debug_abbrev  0x00000b0a      0x238 main.o
 .debug_abbrev  0x00000d42       0xc8 MCAL_GPIO.o
 .debug_abbrev  0x00000e0a      0x167 port.o
 .debug_abbrev  0x00000f71      0x338 queue.o
 .debug_abbrev  0x000012a9      0x363 tasks.o

.debug_line     0x00000000     0x2cbc
 *(.debug_line .debug_line.* .debug_line_end)
 .debug_line    0x00000000      0x115 C:/Program Files (x86)/Atmel/Studio/7.0/Packs/atmel/ATmega_DFP/1.1.130/gcc/dev/atmega32/avr5/crtatmega32.o
 .debug_line    0x00000115      0x27c heap_2.o
 .debug_line    0x00000391      0x24c keypad.o
 .debug_line    0x000005dd       0xb6 keypad_config.o
 .debug_line    0x00000693      0x333 LCD_Lib.o
 .debug_line    0x000009c6      0x1cb list.o
 .debug_line    0x00000b91      0x378 main.o
 .debug_line    0x00000f09      0x18a MCAL_GPIO.o
 .debug_line    0x00001093      0x288 port.o
 .debug_line    0x0000131b      0x911 queue.o
 .debug_line    0x00001c2c     0x1090 tasks.o

.debug_frame    0x00000000      0xb18
 *(.debug_frame)
 .debug_frame   0x00000000       0x7c heap_2.o
 .debug_frame   0x0000007c       0x88 keypad.o
 .debug_frame   0x00000104       0xa8 LCD_Lib.o
 .debug_frame   0x000001ac       0x88 list.o
 .debug_frame   0x00000234       0x74 main.o
 .debug_frame   0x000002a8       0x44 MCAL_GPIO.o
 .debug_frame   0x000002ec       0x74 port.o
 .debug_frame   0x00000360      0x2b0 queue.o
 .debug_frame   0x00000610      0x508 tasks.o

.debug_str      0x00000000     0x17d2
 *(.debug_str)
 .debug_str     0x00000000      0x196 C:/Program Files (x86)/Atmel/Studio/7.0/Packs/atmel/ATmega_DFP/1.1.130/gcc/dev/atmega32/avr5/crtatmega32.o
 .debug_str     0x00000196      0x2cb heap_2.o
                                0x30f (size before relaxing)
 .debug_str     0x00000461      0x164 keypad.o
                                0x2e4 (size before relaxing)
 .debug_str     0x000005c5       0x15 keypad_config.o
                                0x1fa (size before relaxing)
 .debug_str     0x000005da      0x114 LCD_Lib.o
                                0x29f (size before relaxing)
 .debug_str     0x000006ee      0x135 list.o
                                0x2c6 (size before relaxing)
 .debug_str     0x00000823      0x198 main.o
                                0x3ff (size before relaxing)
 .debug_str     0x000009bb       0x1c MCAL_GPIO.o
                                0x22e (size before relaxing)
 .debug_str     0x000009d7      0x109 port.o
                                0x2bf (size before relaxing)
 .debug_str     0x00000ae0      0x4e9 queue.o
                                0x80b (size before relaxing)
 .debug_str     0x00000fc9      0x809 tasks.o
                                0xd13 (size before relaxing)

.debug_loc      0x00000000     0x45b0
 *(.debug_loc)
 .debug_loc     0x00000000      0x2ef heap_2.o
 .debug_loc     0x000002ef      0x125 keypad.o
 .debug_loc     0x00000414      0x168 LCD_Lib.o
 .debug_loc     0x0000057c      0x145 list.o
 .debug_loc     0x000006c1      0x23f main.o
 .debug_loc     0x00000900      0x1a7 MCAL_GPIO.o
 .debug_loc     0x00000aa7      0x2ac port.o
 .debug_loc     0x00000d53     0x1784 queue.o
 .debug_loc     0x000024d7     0x20d9 tasks.o

.debug_macinfo
 *(.debug_macinfo)

.debug_weaknames
 *(.debug_weaknames)

.debug_funcnames
 *(.debug_funcnames)

.debug_typenames
 *(.debug_typenames)

.debug_varnames
 *(.debug_varnames)

.debug_pubtypes
 *(.debug_pubtypes)

.debug_ranges   0x00000000      0x428
 *(.debug_ranges)
 .debug_ranges  0x00000000       0x28 heap_2.o
 .debug_ranges  0x00000028       0x18 keypad.o
 .debug_ranges  0x00000040       0x48 LCD_Lib.o
 .debug_ranges  0x00000088       0x30 list.o
 .debug_ranges  0x000000b8       0x28 main.o
 .debug_ranges  0x000000e0       0x20 MCAL_GPIO.o
 .debug_ranges  0x00000100       0x38 port.o
 .debug_ranges  0x00000138      0x128 queue.o
 .debug_ranges  0x00000260      0x1c8 tasks.o

.debug_macro
 *(.debug_macro)
OUTPUT(RTOS_Alarm_Sys_RTOS.elf elf32-avr)
LOAD linker stubs
